Starting GiftService test...
Testing with wedding ID: cmn5oj3xs00038i2ufsrv4vhj
node.exe : CRITICAL ERROR 
during test: PrismaClientV
alidationError: 
At line:1 char:1
+ & "C:\Program 
Files\nodejs/node.exe" 
"C:\Program 
Files\nodejs/node_mo ...
+ ~~~~~~~~~~~~~~~~~~~~~~~~
~~~~~~~~~~~~~~~~~~~~~~~~~~
~~~~~~~~~~~~~~~~~~~
    + CategoryInfo        
      : NotSpecified: (C  
  RITICAL ERROR ...lida   
 tionError: :String) [    
], RemoteException
    + FullyQualifiedError 
   Id : NativeCommandErr  
  or
 
Invalid 
`prisma.gift.create()` 
invocation:

{
  data: {
    id: "314da449-f53f-4f4
0-b436-bf60505a2eb7",
    weddingId: "cmn5oj3xs0
0038i2ufsrv4vhj",
    guestId: "bacd17ba-e51
3-4636-b8ff-04b760143623",
    amount: 10,
    currency: "USD",
    method: "CASH",
            ~~~~~~
    sequenceNumber: 1
  },
  include: {
    guest: true
  }
}

Invalid value for 
argument `method`. 
Expected PaymentMethod.
    at wn (D:\MONEA\node_m
odules\@prisma\client\runt
ime\library.js:29:1363)
    at 
$n.handleRequestError (D:\
MONEA\node_modules\@prisma
\client\runtime\library.js
:121:6958)
    at $n.handleAndLogRequ
estError (D:\MONEA\node_mo
dules\@prisma\client\runti
me\library.js:121:6623)
    at $n.request (D:\MONE
A\node_modules\@prisma\cli
ent\runtime\library.js:121
:6307)
    at async l (D:\MONEA\n
ode_modules\@prisma\client
\runtime\library.js:130:96
33)
    at async <anonymous> (
D:\MONEA\src\services\Gift
Service.ts:108:26)
    at async Proxy._transa
ctionWithCallback (D:\MONE
A\node_modules\@prisma\cli
ent\runtime\library.js:130
:8000)
    at async 
GiftService.createGift (D:
\MONEA\src\services\GiftSe
rvice.ts:66:16)
    at async test (D:\MONE
A\tmp\test-gift.ts:17:22) 
{
  clientVersion: '5.22.0'
}
